[mp3 @ 000002062a5b1e40] Estimating duration from bitrate, this may be inaccurate
Input #0, mp3, from 'files\captured_cred_call.mp3':
  Metadata:
    encoder         : Lavf61.7.100
  Duration: 00:00:25.20, start: 0.000000, bitrate: 48 kb/s
  Stream #0:0: Audio: mp3 (mp3float), 24000 Hz, mono, fltp, 48 kb/s
samples=1209600 dur=25.20s rms=0.0538 peak=0.4848/-0.4356
gate=0.0107 segs=50 (>=0.25s: 29)
   1   0.10   0.61  0.52
   2   1.09   1.52  0.43
   3   2.08   2.48  0.40
   4   3.06   3.38  0.32
   5   3.44   3.86  0.43
   6   3.88   4.13  0.25
   7   5.60   5.91  0.31
   8   6.42   6.87  0.44
   9   6.88   7.42  0.54
  10   7.64   8.05  0.40
  11   8.13   9.13  1.00
  12   9.16   9.55  0.38
  13   9.79  10.23  0.45
  14  10.76  11.11  0.35
  15  11.53  11.96  0.43
  16  12.41  12.83  0.42
  17  13.29  13.71  0.42
  18  14.30  14.62  0.32
  19  15.20  15.54  0.35
  20  16.16  16.60  0.43
  21  17.20  17.80  0.60
  22  18.32  18.71  0.39
  23  19.15  19.62  0.47
  24  20.10  20.55  0.45
  25  21.13  21.69  0.56
  26  22.18  22.45  0.27
  27  22.96  23.36  0.39
  28  23.86  24.13  0.28
  29  24.66  24.95  0.29
RMS tung 1 s: [0.0654, 0.0541, 0.0454, 0.0657, 0.0418, 0.0491, 0.076, 0.0732, 0.0732, 0.0524, 0.0601, 0.0499, 0.0478, 0.0502, 0.0515, 0.0439, 0.054, 0.0605, 0.033, 0.0466, 0.0329, 0.0516, 0.04, 0.0543, 0.0471]
utterance tu 9.0 s tro di = 18 (intro 0-9 s, code words 9-25 s)
tot do dai 7.21 s / 18 utterance
