(1700000000.074734) can0 158#7A3EDEEB8B999C60
(1700000000.091618) can0 158#3DC0
(1700000000.108863) can0 316#0E11A7A2D08A3A91
(1700000000.120914) can0 158#BE2E3B8B
(1700000000.140630) can0 244#84F9B78E2734EB40
(1700000000.147584) can0 3B0#7263873F
(1700000000.162200) can0 316#DE1D7DF769A5BAA3
(1700000000.165908) can0 1A0#F733A628
(1700000000.173302) can0 316#E5D5
(1700000000.176386) can0 0C9#8D9D9E890CB10511
(1700000000.178394) can0 1F1#789AECD0
(1700000000.195000) can0 316#D5252CD4196A5B4D
(1700000000.210468) can0 244#4AB0AFD9
(1700000000.212741) can0 316#9A380EC6BCA53B7B
(1700000000.217172) can0 316#0B6E32B4
(1700000000.231608) can0 0C9#629539089BE6E9CE
(1700000000.238292) can0 1A0#1B16
(1700000000.253548) can0 316#436D
(1700000000.266946) can0 1A0#B4F4
(1700000000.269864) can0 1A0#804E
(1700000000.287645) can0 3B0#471F
(1700000000.295629) can0 0C9#C219
(1700000000.314446) can0 3B0#FBA2
(1700000000.320722) can0 3B0#4849BB9C0C2FF5C4
(1700000000.325027) can0 244#D12D
(1700000000.335320) can0 158#184363E0
(1700000000.338794) can0 316#A7DD5B872B49D771
(1700000000.353193) can0 1A0#FC3033A8813C0A73
(1700000000.371764) can0 2C0#3583
(1700000000.376554) can0 1F1#616E
(1700000000.395656) can0 2C0#1CF8
(1700000000.412075) can0 1A0#57E8F762D37DCAC8
(1700000000.428798) can0 3B0#048A
(1700000000.442308) can0 1A0#216308EA362383D9
(1700000000.446301) can0 0C9#B69B
(1700000000.461257) can0 1A0#E184D7740A4EF72E
(1700000000.467422) can0 0C9#D2D6CBAD970D56EB
(1700000000.476754) can0 1A0#30F2
(1700000000.486515) can0 3B0#BD41
(1700000000.490510) can0 244#36ECF248
(1700000000.494654) can0 316#1B6A01059780505D
(1700000000.500277) can0 1A0#9223E6FA0FEC23AA
(1700000000.515740) can0 1F1#C860
(1700000000.528544) can0 244#03E19338BAC4F58A
(1700000000.540480) can0 3B0#FA84E45B02A2BD2A
(1700000000.556952) can0 2C0#2553
(1700000000.562579) can0 7E0#0210030000000000
(1700000000.571366) can0 7E8#065003003201F400
(1700000000.585280) can0 1F1#4573
(1700000000.599572) can0 3B0#84F92A72
(1700000000.603658) can0 158#39F1DD75
(1700000000.621690) can0 0C9#E0B9A9D02B9BB73D
(1700000000.640802) can0 158#C14ABF04
(1700000000.655668) can0 0C9#43544ED835DB2F2F
(1700000000.662264) can0 3B0#2A1E4EC6
(1700000000.673342) can0 244#636C9276
(1700000000.689725) can0 1F1#08C9
(1700000000.706144) can0 244#A21F
(1700000000.709038) can0 0C9#B4830048
(1700000000.722181) can0 0C9#5E57
(1700000000.744537) can0 7E0#0227010000000000
(1700000000.768629) can0 7E8#066701470C371200
(1700000000.777872) can0 1A0#8F3A
(1700000000.794501) can0 1F1#BE35A89C72129220
(1700000000.813881) can0 3B0#721C38A3D0A8FF54
(1700000000.820681) can0 0C9#D673
(1700000000.840269) can0 7E0#0627021D566D4800
(1700000000.853158) can0 7E8#0267020000000000
(1700000000.859518) can0 1A0#BCBA
(1700000000.870528) can0 1A0#2801B897
(1700000000.887075) can0 3B0#FCC5
(1700000000.896988) can0 158#F36ADEBC
(1700000000.908123) can0 3B0#E0D06F3D
(1700000000.915938) can0 7E0#0322F1A000000000
(1700000000.924368) can0 7E8#102E62F1A0483743
(1700000000.936727) can0 7E0#3000000000000000
(1700000000.944255) can0 7E8#2154467B36333630
(1700000000.961033) can0 0C9#966E7D92
(1700000000.982859) can0 7E8#22636262332D3733
(1700000001.010582) can0 7E8#2366632D34626135
(1700000001.013546) can0 1A0#0E3C
(1700000001.019354) can0 7E8#242D613965362D30
(1700000001.042162) can0 7E8#2532323961336231
(1700000001.051582) can0 2C0#F4742822FFF4ABE6
(1700000001.065133) can0 7E8#26613030387D0000
(1700000001.078170) can0 3B0#3DBF76B07AB95844
(1700000001.091026) can0 2C0#81D6
(1700000001.108620) can0 1F1#CE1E13DF
(1700000001.127335) can0 1A0#B610938A1DECAB12
(1700000001.131225) can0 158#8069
(1700000001.135447) can0 158#F430EC382D41BF35
(1700000001.144026) can0 1F1#86D69D35BEC69A91
(1700000001.147114) can0 1A0#C4136F84
(1700000001.165145) can0 316#B5A4
(1700000001.182996) can0 3B0#E9D52800
(1700000001.185159) can0 244#379D0299
(1700000001.199523) can0 1A0#2AA0A7E8EDA91028
(1700000001.202264) can0 3B0#7C4525B5
(1700000001.213953) can0 1F1#082D
(1700000001.230579) can0 316#7880478173584238
(1700000001.247155) can0 0C9#A4D85765
(1700000001.252525) can0 0C9#B5D82F00
(1700000001.255142) can0 316#86DB560D
(1700000001.261153) can0 1A0#CD0BC6D3012CC7C6
(1700000001.264172) can0 316#867A8424
(1700000001.274515) can0 2C0#4814
(1700000001.287441) can0 2C0#245528F8
(1700000001.291157) can0 1F1#9643E101
(1700000001.309466) can0 0C9#BA98B7362BE0F97B
(1700000001.312271) can0 3B0#F305B9B34BD83DC2
(1700000001.331210) can0 2C0#4EF5
(1700000001.333515) can0 316#5E6623A7
(1700000001.345705) can0 158#DCECE1264461D9B2
(1700000001.359655) can0 1A0#CE4358E8E3AAAF12
(1700000001.371793) can0 0C9#2734
(1700000001.379322) can0 0C9#2E714A3C
(1700000001.395298) can0 158#ED51DEB577F07525
(1700000001.398339) can0 2C0#2AFB
(1700000001.414943) can0 244#1F59
(1700000001.419360) can0 316#77E7E652
(1700000001.432434) can0 2C0#6B295C3E
(1700000001.438443) can0 1A0#8E0D
(1700000001.454254) can0 1F1#79B9
(1700000001.460973) can0 0C9#8170
(1700000001.473344) can0 1F1#7283F24B
(1700000001.484891) can0 1F1#1F02963E
(1700000001.503164) can0 0C9#087F191B
(1700000001.515983) can0 2C0#210C
(1700000001.519128) can0 3B0#E55B
(1700000001.523497) can0 1F1#2AAE
(1700000001.528878) can0 244#E51A
(1700000001.531335) can0 1A0#0D488766
