=== 2026-10-01T09:25:42+00:00 GET /
    {
  "accept": "*/*",
  "accept-encoding": "gzip,deflate",
  "authorization": "Bearer ya29.c.c0AZ4...<1012 ky tu da cat>...d803yu",
  "host": "b838ca5ccee1ee4e-42-118-254-242.serveousercontent.com",
  "user-agent": "node-fetch/1.0 (+https://github.com/bitinn/node-fetch)",
  "x-forwarded-for": "34.116.80.78",
  "x-forwarded-host": "b838ca5ccee1ee4e-42-118-254-242.serveousercontent.com",
  "x-forwarded-proto": "https",
  "x-real-ip": "34.116.80.78"
}
=== 2026-10-01T09:26:16+00:00 GET /
    {
  "accept": "*/*",
  "accept-encoding": "gzip,deflate",
  "authorization": "Bearer ya29.c.c0AZ4...<1012 ky tu da cat>...d803yu",
  "host": "b838ca5ccee1ee4e-42-118-254-242.serveousercontent.com",
  "user-agent": "node-fetch/1.0 (+https://github.com/bitinn/node-fetch)",
  "x-forwarded-for": "34.116.80.78",
  "x-forwarded-host": "b838ca5ccee1ee4e-42-118-254-242.serveousercontent.com",
  "x-forwarded-proto": "https",
  "x-real-ip": "34.116.80.78"
}
=== 2026-10-01T09:26:46+00:00 GET /
    {
  "accept": "*/*",
  "accept-encoding": "gzip,deflate",
  "authorization": "Bearer ya29.c.c0AZ4...<1012 ky tu da cat>...d803yu",
  "host": "b838ca5ccee1ee4e-42-118-254-242.serveousercontent.com",
  "user-agent": "node-fetch/1.0 (+https://github.com/bitinn/node-fetch)",
  "x-forwarded-for": "34.116.80.78",
  "x-forwarded-host": "b838ca5ccee1ee4e-42-118-254-242.serveousercontent.com",
  "x-forwarded-proto": "https",
  "x-real-ip": "34.116.80.78"
}
