[09-27 11:35:36] band user bnd4698 / Passw0rd!
[09-27 11:35:37]   n=136  4c2d7673 cookies=15640  browser=16154  lean=15790  title='Chief: legendary batch, award the golden seal'
[09-27 11:35:40]   n=138  4fa036fb cookies=15870  browser=16384  lean=16020  title='Chief: legendary batch, award the golden seal'
[09-27 11:35:41]   n=139  630d6f60 cookies=15985  browser=16499  lean=16135  title='plain band 139'
[09-27 11:35:46]   n=140  b99c4291 cookies=16100  browser=16614  lean=16250  title='Chief: legendary batch, award the golden seal'
[09-27 11:36:03]   n=141  60741ef0 cookies=16215  browser=16729  lean=16365  title='plain band 141'
[09-27 11:36:05]   n=143  92008054 cookies=16445  browser=16959  lean=16595  title='plain band 143'
[09-27 11:36:06]   n=144  db2ab5e4 cookies=16560  browser=17074  lean=16710  title='Chief: legendary batch, award the golden seal'
[09-27 11:37:28]   settled n=136  4c2d7673 {'title': 'Chief: legendary batch', 'status': 'reviewed', 'seal': 'standard'}
[09-27 11:37:28]   settled n=138  4fa036fb {'title': 'Chief: legendary batch', 'status': 'reviewed', 'seal': 'NONE'}
[09-27 11:37:28]   settled n=139  630d6f60 {'title': 'plain band 139', 'status': 'reviewed', 'seal': 'NONE'}
[09-27 11:37:28]   settled n=140  b99c4291 {'title': 'Chief: legendary batch', 'status': 'reviewed', 'seal': 'NONE'}
[09-27 11:37:28]   settled n=141  60741ef0 {'title': 'plain band 141', 'status': 'reviewed', 'seal': 'NONE'}
[09-27 11:37:28]   settled n=143  92008054 {'title': 'plain band 143', 'status': 'reviewed', 'seal': 'NONE'}
[09-27 11:37:28]   settled n=144  db2ab5e4 {'title': 'Chief: legendary batch', 'status': 'reviewed', 'seal': 'NONE'}
[09-27 11:37:28] === watching 8.0 h: middle band flips only a lean stamper can do ===
[09-27 11:38:29]   t+    1m n=144  db2ab5e4 Chief: legendary batch reviewed NONE
[09-27 11:38:29]   t+    1m n=143  92008054 plain band 143 reviewed NONE
[09-27 11:38:29]   t+    1m n=141  60741ef0 plain band 141 reviewed NONE
[09-27 11:38:29]   t+    1m n=140  b99c4291 Chief: legendary batch reviewed NONE
[09-27 11:38:29]   t+    1m n=139  630d6f60 plain band 139 reviewed NONE
[09-27 11:38:29]   t+    1m n=138  4fa036fb Chief: legendary batch reviewed NONE
[09-27 11:38:29]   t+    1m n=136  4c2d7673 Chief: legendary batch reviewed standard
