[09-27 10:00:08] watching ['pl5392', 'sz3576', 'of1726'] for 8.0 h
[09-27 10:00:54]   depth None -> 0
[09-27 10:00:54]   t+    0m pl5392   e6224fe5 reviewed standard
[09-27 10:00:54]   t+    0m pl5392   e9d2fd6a reviewed NONE
[09-27 10:00:54]   t+    0m pl5392   d77a7f6d reviewed standard
[09-27 10:00:54]   t+    0m pl5392   d423c626 reviewed NONE
[09-27 10:00:54]   t+    0m pl5392   eb5ff81a reviewed NONE
[09-27 10:00:54]   t+    0m pl5392   15cf4934 reviewed NONE
[09-27 10:00:54]   t+    0m sz3576   ec1fadf4 reviewed standard
[09-27 10:00:54]   t+    0m sz3576   1dfbd507 reviewed NONE
[09-27 10:00:54]   t+    0m sz3576   a3c7fb57 reviewed NONE
[09-27 10:00:54]   t+    0m sz3576   bd729d9d reviewed standard
[09-27 10:00:54]   t+    0m sz3576   dc47d74d reviewed standard
[09-27 10:00:54]   t+    0m sz3576   dd9c73d3 reviewed standard
[09-27 10:00:55]   t+    0m of1726   b808a70c reviewed standard
[09-27 10:00:55]   t+    0m of1726   da3f962a reviewed NONE
[09-27 10:00:55]   t+    0m of1726   45f99051 reviewed standard
[09-27 10:00:55]   t+    0m of1726   78962590 reviewed standard
[09-27 10:35:45]   depth 0 -> 24
[09-27 10:35:47]   depth 24 -> 23
[09-27 10:36:33]   depth 23 -> 0
[09-27 10:53:11]   depth 0 -> 1
[09-27 10:53:56]   depth 1 -> 0
[09-27 11:05:02]   depth 0 -> 1
[09-27 11:05:54]   depth 1 -> 0
[09-27 11:07:39]   depth 0 -> 1
[09-27 11:07:42]   depth 1 -> 2
[09-27 11:08:29]   depth 2 -> 0
[09-27 11:15:39]   depth 0 -> 1
[09-27 11:15:42]   depth 1 -> 0
[09-27 11:18:55]   depth 0 -> 1
[09-27 11:19:42]   depth 1 -> 0
[09-27 11:26:50]   depth 0 -> 1
[09-27 11:27:36]   depth 1 -> 0
[09-27 11:29:12]   depth 0 -> 5
[09-27 11:29:16]   depth 5 -> 6
[09-27 11:30:04]   depth 6 -> 0
[09-27 11:31:39]   depth 0 -> 4
[09-27 11:32:30]   depth 4 -> 6
[09-27 11:33:18]   depth 6 -> 0
[09-27 11:40:26]   depth 0 -> 6
[09-27 11:41:14]   depth 6 -> 3
[09-27 11:41:16]   depth 3 -> 2
[09-27 11:42:02]   depth 2 -> 0
[09-27 11:43:39]   depth 0 -> 2
[09-27 11:43:41]   depth 2 -> 1
[09-27 11:45:15]   depth 1 -> 4
[09-27 11:46:03]   depth 4 -> 0
[09-27 11:46:51]   depth 0 -> 1
[09-27 11:47:38]   depth 1 -> 0
[09-27 11:49:14]   depth 0 -> 1
[09-27 11:49:15]   depth 1 -> 0
[09-27 11:52:50]   depth 0 -> 5
[09-27 11:53:48]   depth 5 -> 7
[09-27 11:53:50]   depth 7 -> 8
[09-27 11:53:51]   depth 8 -> 7
[09-27 11:54:36]   depth 7 -> 0
[09-27 11:54:37]   depth 0 -> 1
[09-27 11:55:24]   depth 1 -> 0
[09-27 12:06:47]   depth 0 -> 1
[09-27 12:07:46]   depth 1 -> 6
[09-27 12:07:53]   depth 6 -> 5
[09-27 12:07:59]   depth 5 -> 7
[09-27 12:08:45]   depth 7 -> 12
[09-27 12:09:34]   depth 12 -> 15
[09-27 12:09:37]   depth 15 -> 16
[09-27 12:10:23]   depth 16 -> 9
[09-27 12:10:24]   depth 9 -> 8
[09-27 12:11:11]   depth 8 -> 0
[09-27 12:28:39]   depth 0 -> 9
[09-27 12:28:40]   depth 9 -> 8
[09-27 12:29:27]   depth 8 -> 0
[09-27 12:39:43]   depth 0 -> 1
[09-27 12:39:45]   depth 1 -> 0
[09-27 12:52:37]   depth 0 -> 1
[09-27 12:53:25]   depth 1 -> 2
[09-27 12:54:15]   depth 2 -> 0
[09-27 12:54:20]   depth 0 -> 2
[09-27 12:55:06]   depth 2 -> 0
[09-27 12:56:42]   depth 0 -> 3
[09-27 12:56:43]   depth 3 -> 4
[09-27 12:56:44]   depth 4 -> 3
[09-27 12:57:30]   depth 3 -> 7
[09-27 12:58:20]   depth 7 -> 9
[09-27 12:58:23]   depth 9 -> 8
[09-27 12:59:11]   depth 8 -> 10
[09-27 12:59:14]   depth 10 -> 9
[09-27 13:00:02]   depth 9 -> 11
[09-27 13:00:07]   depth 11 -> 12
[09-27 13:00:54]   depth 12 -> 11
