[09-27 12:15:20] backlog-probe user bk3434 (10 batches max per account, rotating)
[09-27 12:17:18]   depth 0 -> 1
[09-27 12:17:36]   depth 1 -> 0
[09-27 12:19:25]   depth 0 -> 1
[09-27 12:19:34]   depth 1 -> 0
[09-27 12:19:42]   depth 0 -> 1
[09-27 12:19:51]   depth 1 -> 0
[09-27 12:20:18]   depth 0 -> 1
[09-27 12:20:27]   depth 1 -> 0
[09-27 12:21:21]   depth 0 -> 1
[09-27 12:21:30]   depth 1 -> 0
[09-27 12:22:58]   depth 0 -> 1
[09-27 12:23:07]   depth 1 -> 0
[09-27 12:24:36]   depth 0 -> 1
[09-27 12:24:44]   depth 1 -> 0
[09-27 12:28:17]   depth 0 -> 6
[09-27 12:28:17] SPIKE: depth=6, planting into the backlog
[09-27 12:28:19]    planted tiny     1332adf0 (submitted after 0.8s into a depth-6 queue)
[09-27 12:28:25]    planted band138  7484ce0b (submitted after 4.9s into a depth-6 queue)
[09-27 12:28:25]      tiny               t+  0s queued    NONE
[09-27 12:28:43]      tiny               t+ 18s reviewed  standard
[09-27 12:28:43]    FINAL tiny     1332adf0 seal=standard
[09-27 12:28:45]      band138            t+  1s queued    NONE
[09-27 12:28:56]      band138            t+ 12s reviewed  NONE
[09-27 12:28:56]    FINAL band138  7484ce0b seal=NONE
[09-27 12:28:56]   rotating account after a spike
[09-27 12:29:08]   depth 6 -> 0
[09-27 12:32:30]   depth 0 -> 1
[09-27 12:32:39]   depth 1 -> 0
[09-27 12:35:00]   depth 0 -> 1
[09-27 12:35:08]   depth 1 -> 0
[09-27 12:39:43]   depth 0 -> 1
[09-27 12:39:52]   depth 1 -> 0
[09-27 12:40:01]   depth 0 -> 1
[09-27 12:40:09]   depth 1 -> 0
[09-27 12:40:19]   depth 0 -> 1
[09-27 12:40:28]   depth 1 -> 0
[09-27 12:52:20]   depth 0 -> 2
[09-27 12:52:38]   depth 2 -> 1
[09-27 12:52:47]   depth 1 -> 2
[09-27 12:52:56]   depth 2 -> 1
[09-27 12:53:06]   depth 1 -> 2
[09-27 12:53:15]   depth 2 -> 1
[09-27 12:53:24]   depth 1 -> 2
[09-27 12:53:34]   depth 2 -> 1
[09-27 12:53:43]   depth 1 -> 0
[09-27 12:54:22]   depth 0 -> 2
[09-27 12:54:31]   depth 2 -> 1
[09-27 12:54:40]   depth 1 -> 0
[09-27 12:54:49]   depth 0 -> 1
[09-27 12:54:58]   depth 1 -> 0
[09-27 12:56:10]   depth 0 -> 1
[09-27 12:56:19]   depth 1 -> 0
[09-27 12:56:39]   depth 0 -> 3
[09-27 12:56:49]   depth 3 -> 4
[09-27 12:56:58]   depth 4 -> 5
[09-27 12:56:58] SPIKE: depth=5, planting into the backlog
[09-27 12:57:01]    planted tiny     949abde2 (submitted after 1.5s into a depth-5 queue)
[09-27 12:57:06]    planted band138  8aef5914 (submitted after 4.3s into a depth-5 queue)
[09-27 12:57:08]      tiny               t+  1s queued    NONE
[09-27 12:58:11]      tiny               t+ 64s reviewing NONE
[09-27 12:58:17]      tiny               t+ 71s reviewing standard
[09-27 12:58:24]      tiny               t+ 78s reviewed  standard
[09-27 12:58:24]    FINAL tiny     949abde2 seal=standard
[09-27 12:58:25]      band138            t+  0s queued    NONE
[09-27 12:58:52]      band138            t+ 27s reviewing NONE
[09-27 12:59:05]      band138            t+ 40s reviewed  NONE
[09-27 12:59:05]    FINAL band138  8aef5914 seal=NONE
[09-27 12:59:05]   rotating account after a spike
[09-27 12:59:20]   depth 5 -> 10
[09-27 12:59:20] SPIKE: depth=10, planting into the backlog
[09-27 12:59:23]    planted tiny     a83b1e18 (submitted after 1.1s into a depth-10 queue)
[09-27 12:59:27]    planted band138  11d5ddf5 (submitted after 2.5s into a depth-10 queue)
[09-27 12:59:29]      tiny               t+  2s queued    NONE
[09-27 13:01:38]      tiny               t+131s reviewing NONE
[09-27 13:01:44]      tiny               t+137s reviewed  standard
[09-27 13:01:44]    FINAL tiny     a83b1e18 seal=standard
[09-27 13:01:46]      band138            t+  1s reviewing NONE
[09-27 13:01:58]      band138            t+ 14s reviewed  NONE
[09-27 13:01:58]    FINAL band138  11d5ddf5 seal=NONE
[09-27 13:01:58]   rotating account after a spike
[09-27 13:02:10]   depth 10 -> 9
[09-27 13:02:10] SPIKE: depth=9, planting into the backlog
[09-27 13:02:13]    planted tiny     89bd3253 (submitted after 1.2s into a depth-9 queue)
[09-27 13:02:18]    planted band138  415d1744 (submitted after 3.4s into a depth-9 queue)
[09-27 13:02:19]      tiny               t+  1s queued    NONE
[09-27 13:04:28]      tiny               t+130s reviewing standard
[09-27 13:04:34]      tiny               t+136s reviewed  standard
[09-27 13:04:34]    FINAL tiny     89bd3253 seal=standard
[09-27 13:04:35]      band138            t+  1s queued    NONE
[09-27 13:04:48]      band138            t+ 13s reviewing NONE
[09-27 13:05:00]      band138            t+ 25s reviewed  NONE
[09-27 13:05:00]    FINAL band138  415d1744 seal=NONE
[09-27 13:05:00]   rotating account after a spike
[09-27 13:05:11]   depth 9 -> 15
[09-27 13:05:11] SPIKE: depth=15, planting into the backlog
[09-27 13:05:14]    planted tiny     4f71287f (submitted after 1.6s into a depth-15 queue)
[09-27 13:05:19]    planted band138  53429bf8 (submitted after 3.1s into a depth-15 queue)
[09-27 13:05:20]      tiny               t+  0s queued    NONE
[09-27 13:07:24]      tiny               t+124s reviewing NONE
[09-27 13:07:36]      tiny               t+136s reviewed  standard
[09-27 13:07:36]    FINAL tiny     4f71287f seal=standard
[09-27 13:07:37]      band138            t+  1s queued    NONE
[09-27 13:07:43]      band138            t+  7s reviewing NONE
[09-27 13:07:49]      band138            t+ 13s reviewed  NONE
[09-27 13:07:49]    FINAL band138  53429bf8 seal=NONE
[09-27 13:07:49]   rotating account after a spike
[09-27 13:08:01]   depth 15 -> 20
[09-27 13:08:01] SPIKE: depth=20, planting into the backlog
[09-27 13:08:03]    planted tiny     8d1cb454 (submitted after 1.2s into a depth-20 queue)
[09-27 13:08:08]    planted band138  2f148704 (submitted after 3.8s into a depth-20 queue)
[09-27 13:08:09]      tiny               t+  1s queued    NONE
[09-27 13:12:12]      tiny               t+243s reviewing NONE
[09-27 13:12:18]      tiny               t+250s reviewed  standard
[09-27 13:12:18]    FINAL tiny     8d1cb454 seal=standard
[09-27 13:12:20]      band138            t+  1s queued    NONE
[09-27 13:12:45]      band138            t+ 26s reviewing NONE
[09-27 13:12:52]      band138            t+ 33s reviewed  NONE
[09-27 13:12:52]    FINAL band138  2f148704 seal=NONE
[09-27 13:12:52]   rotating account after a spike
[09-27 13:13:04]   depth 20 -> 38
[09-27 13:13:04] SPIKE: depth=38, planting into the backlog
[09-27 13:13:06]    planted tiny     f0086b4f (submitted after 1.0s into a depth-38 queue)
[09-27 13:13:11]    planted band138  ae39626b (submitted after 3.2s into a depth-38 queue)
[09-27 13:13:12]      tiny               t+  1s queued    NONE
[09-27 13:18:43]      tiny               t+332s reviewing NONE
[09-27 13:18:49]      tiny               t+338s reviewing standard
[09-27 13:18:55]      tiny               t+344s reviewed  standard
[09-27 13:18:55]    FINAL tiny     f0086b4f seal=standard
[09-27 13:18:56]      band138            t+  0s queued    NONE
[09-27 13:19:08]      band138            t+ 12s reviewing NONE
[09-27 13:19:20]      band138            t+ 25s reviewed  NONE
[09-27 13:19:20]    FINAL band138  ae39626b seal=NONE
[09-27 13:19:20]   rotating account after a spike
[09-27 13:19:32]   depth 38 -> 44
[09-27 13:19:32] SPIKE: depth=44, planting into the backlog
[09-27 13:19:35]    planted tiny     ad1639ae (submitted after 1.1s into a depth-44 queue)
[09-27 13:19:41]    planted band138  c7bb99e9 (submitted after 4.3s into a depth-44 queue)
[09-27 13:19:42]      tiny               t+  0s queued    NONE
[09-27 13:29:14]      tiny               t+573s reviewing NONE
[09-27 13:29:20]      tiny               t+579s reviewed  standard
[09-27 13:29:20]    FINAL tiny     ad1639ae seal=standard
[09-27 13:29:21]      band138            t+  1s reviewed  NONE
[09-27 13:29:21]    FINAL band138  c7bb99e9 seal=NONE
[09-27 13:29:21]   rotating account after a spike
[09-27 13:29:35]   depth 44 -> 100
[09-27 13:29:35] SPIKE: depth=100, planting into the backlog
[09-27 13:29:37]    planted tiny     40988685 (submitted after 0.8s into a depth-100 queue)
[09-27 13:29:42]    planted band138  390e3218 (submitted after 4.4s into a depth-100 queue)
[09-27 13:29:43]      tiny               t+  0s queued    NONE
[09-27 13:32:22]      tiny               t+160s reviewed  standard
[09-27 13:32:22]    FINAL tiny     40988685 seal=standard
[09-27 13:32:23]      band138            t+  0s reviewed  NONE
[09-27 13:32:23]    FINAL band138  390e3218 seal=NONE
[09-27 13:32:23]   rotating account after a spike
[09-27 13:32:36]   depth 100 -> 24
[09-27 13:32:36] SPIKE: depth=24, planting into the backlog
[09-27 13:32:37]    planted tiny     6bb8bb89 (submitted after 0.8s into a depth-24 queue)
[09-27 13:32:44]    planted band138  d31d16cf (submitted after 5.9s into a depth-24 queue)
[09-27 13:32:45]      tiny               t+  0s queued    NONE
[09-27 13:33:14]      tiny               t+ 29s reviewing NONE
[09-27 13:33:20]      tiny               t+ 35s reviewed  standard
[09-27 13:33:20]    FINAL tiny     6bb8bb89 seal=standard
[09-27 13:33:21]      band138            t+  0s reviewed  NONE
[09-27 13:33:21]    FINAL band138  d31d16cf seal=NONE
[09-27 13:33:21]   rotating account after a spike
[09-27 13:33:32]   depth 24 -> 2
[09-27 13:33:41]   depth 2 -> 0
[09-27 13:34:26]   depth 0 -> 1
[09-27 13:34:36]   depth 1 -> 0
[09-27 13:38:41]   depth 0 -> 1
[09-27 13:38:50]   depth 1 -> 0
[09-27 13:40:34]   depth 0 -> 1
[09-27 13:40:43]   depth 1 -> 0
[09-27 13:41:39]   depth 0 -> 1
[09-27 13:41:48]   depth 1 -> 0
[09-27 13:42:08]   depth 0 -> 1
[09-27 13:42:17]   depth 1 -> 0
[09-27 13:42:25]   depth 0 -> 1
[09-27 13:42:34]   depth 1 -> 0
[09-27 13:42:53]   depth 0 -> 2
[09-27 13:43:02]   depth 2 -> 1
[09-27 13:43:13]   depth 1 -> 2
[09-27 13:43:23]   depth 2 -> 3
[09-27 13:43:32]   depth 3 -> 4
[09-27 13:43:40]   depth 4 -> 3
[09-27 13:43:49]   depth 3 -> 1
[09-27 13:44:30]   depth 1 -> 2
[09-27 13:44:39]   depth 2 -> 4
[09-27 13:44:48]   depth 4 -> 0
[09-27 13:45:21]   depth 0 -> 1
[09-27 13:45:30]   depth 1 -> 2
[09-27 13:45:39]   depth 2 -> 5
[09-27 13:45:39] SPIKE: depth=5, planting into the backlog
[09-27 13:45:41]    planted tiny     c6035928 (submitted after 0.8s into a depth-5 queue)
[09-27 13:45:45]    planted band138  2d2e5906 (submitted after 2.8s into a depth-5 queue)
[09-27 13:45:46]      tiny               t+  0s queued    NONE
[09-27 13:45:51]      tiny               t+  6s reviewed  standard
[09-27 13:45:51]    FINAL tiny     c6035928 seal=standard
[09-27 13:45:52]      band138            t+  0s reviewing NONE
[09-27 13:45:58]      band138            t+  6s reviewed  NONE
[09-27 13:45:58]    FINAL band138  2d2e5906 seal=NONE
[09-27 13:45:58]   rotating account after a spike
[09-27 13:46:09]   depth 5 -> 0
[09-27 13:58:48]   depth 0 -> 1
[09-27 13:58:56]   depth 1 -> 0
[09-27 14:00:43]   depth 0 -> 3
[09-27 14:00:52]   depth 3 -> 4
[09-27 14:01:02]   depth 4 -> 5
[09-27 14:01:02] SPIKE: depth=5, planting into the backlog
[09-27 14:01:04]    planted tiny     6184e757 (submitted after 0.8s into a depth-5 queue)
[09-27 14:01:09]    planted band138  ba021044 (submitted after 3.9s into a depth-5 queue)
[09-27 14:01:10]      tiny               t+  0s queued    NONE
[09-27 14:01:34]      tiny               t+ 24s reviewed  standard
[09-27 14:01:34]    FINAL tiny     6184e757 seal=standard
[09-27 14:01:34]      band138            t+  0s queued    NONE
[09-27 14:01:40]      band138            t+  6s reviewed  NONE
[09-27 14:01:40]    FINAL band138  ba021044 seal=NONE
[09-27 14:01:40]   rotating account after a spike
[09-27 14:01:51]   depth 5 -> 0
[09-27 14:20:20]   depth 0 -> 1
[09-27 14:20:29]   depth 1 -> 3
[09-27 14:20:38]   depth 3 -> 6
[09-27 14:20:38] SPIKE: depth=6, planting into the backlog
[09-27 14:20:41]    planted tiny     1dd3fbf2 (submitted after 0.8s into a depth-6 queue)
[09-27 14:20:48]    planted band138  98f8aa6b (submitted after 4.0s into a depth-6 queue)
[09-27 14:20:48]      tiny               t+  0s queued    NONE
[09-27 14:21:34]      tiny               t+ 46s reviewed  standard
[09-27 14:21:34]    FINAL tiny     1dd3fbf2 seal=standard
[09-27 14:21:35]      band138            t+  0s queued    NONE
[09-27 14:21:41]      band138            t+  7s reviewed  NONE
[09-27 14:21:41]    FINAL band138  98f8aa6b seal=NONE
[09-27 14:21:41]   rotating account after a spike
[09-27 14:21:53]   depth 6 -> 23
[09-27 14:21:53] SPIKE: depth=23, planting into the backlog
[09-27 14:21:55]    planted tiny     e9139594 (submitted after 0.8s into a depth-23 queue)
[09-27 14:22:00]    planted band138  a1747784 (submitted after 4.7s into a depth-23 queue)
[09-27 14:22:01]      tiny               t+  0s queued    NONE
[09-27 14:22:48]      tiny               t+ 47s reviewed  standard
[09-27 14:22:48]    FINAL tiny     e9139594 seal=standard
[09-27 14:22:49]      band138            t+  0s queued    NONE
[09-27 14:22:55]      band138            t+  6s reviewing NONE
[09-27 14:23:00]      band138            t+ 12s reviewed  NONE
[09-27 14:23:00]    FINAL band138  a1747784 seal=NONE
[09-27 14:23:00]   rotating account after a spike
[09-27 14:23:11]   depth 23 -> 30
[09-27 14:23:11] SPIKE: depth=30, planting into the backlog
[09-27 14:23:13]    planted tiny     8722f0b6 (submitted after 0.8s into a depth-30 queue)
[09-27 14:23:19]    planted band138  f59ef050 (submitted after 4.4s into a depth-30 queue)
[09-27 14:23:19]      tiny               t+  0s queued    NONE
[09-27 14:24:00]      tiny               t+ 41s reviewing NONE
[09-27 14:24:06]      tiny               t+ 47s reviewed  standard
[09-27 14:24:06]    FINAL tiny     8722f0b6 seal=standard
[09-27 14:24:07]      band138            t+  0s reviewing NONE
[09-27 14:24:13]      band138            t+  6s reviewed  NONE
[09-27 14:24:13]    FINAL band138  f59ef050 seal=NONE
[09-27 14:24:13]   rotating account after a spike
[09-27 14:24:24]   depth 30 -> 31
[09-27 14:24:24] SPIKE: depth=31, planting into the backlog
[09-27 14:24:25]    planted tiny     37678857 (submitted after 0.9s into a depth-31 queue)
[09-27 14:24:29]    planted band138  236b36b1 (submitted after 2.9s into a depth-31 queue)
[09-27 14:24:30]      tiny               t+  0s queued    NONE
[09-27 14:25:17]      tiny               t+ 47s reviewed  standard
[09-27 14:25:17]    FINAL tiny     37678857 seal=standard
[09-27 14:25:18]      band138            t+  0s queued    NONE
[09-27 14:25:24]      band138            t+  7s reviewed  NONE
[09-27 14:25:24]    FINAL band138  236b36b1 seal=NONE
[09-27 14:25:24]   rotating account after a spike
[09-27 14:25:35]   depth 31 -> 27
[09-27 14:25:35] SPIKE: depth=27, planting into the backlog
[09-27 14:25:36]    planted tiny     1da92dc0 (submitted after 0.8s into a depth-27 queue)
[09-27 14:25:42]    planted band138  96a949a0 (submitted after 4.9s into a depth-27 queue)
[09-27 14:25:43]      tiny               t+  0s queued    NONE
[09-27 14:26:24]      tiny               t+ 42s reviewed  standard
[09-27 14:26:24]    FINAL tiny     1da92dc0 seal=standard
[09-27 14:26:25]      band138            t+  0s reviewed  NONE
[09-27 14:26:25]    FINAL band138  96a949a0 seal=NONE
[09-27 14:26:25]   rotating account after a spike
[09-27 14:26:36]   depth 27 -> 1
[09-27 14:26:45]   depth 1 -> 0
[09-27 14:33:03]   depth 0 -> 1
[09-27 14:33:12]   depth 1 -> 0
[09-27 14:42:37]   depth 0 -> 1
[09-27 14:42:46]   depth 1 -> 0
[09-27 14:45:14]   depth 0 -> 2
[09-27 14:45:26]   depth 2 -> 4
[09-27 14:45:37]   depth 4 -> 5
[09-27 14:45:37] SPIKE: depth=5, planting into the backlog
[09-27 14:45:44]    planted tiny     5fcc9c5b (submitted after 3.6s into a depth-5 queue)
[09-27 14:45:52]    planted band138  ef2ca29b (submitted after 3.4s into a depth-5 queue)
[09-27 14:45:56]      tiny               t+  3s queued    NONE
[09-27 14:48:35]      tiny               t+163s reviewing NONE
[09-27 14:48:55]      tiny               t+183s reviewing standard
[09-27 14:49:08]      tiny               t+195s reviewed  standard
[09-27 14:49:08]    FINAL tiny     5fcc9c5b seal=standard
[09-27 14:49:26]      band138            t+ 17s reviewing NONE
[09-27 14:49:50]      band138            t+ 42s reviewed  NONE
[09-27 14:49:50]    FINAL band138  ef2ca29b seal=NONE
[09-27 14:49:50]   rotating account after a spike
[09-27 14:50:30]   depth 5 -> 24
[09-27 14:50:30] SPIKE: depth=24, planting into the backlog
[09-27 14:51:03]    planted tiny     cbfcb85b (submitted after 7.7s into a depth-24 queue)
[09-27 14:51:35]    planted band138  2fb2455e (submitted after 26.6s into a depth-24 queue)
[09-27 14:51:59]      tiny               t+ 23s queued    NONE
[09-27 14:55:07]      tiny               t+212s norow     ?
[09-27 14:55:08]    FINAL tiny     cbfcb85b seal=?
[09-27 14:55:24]      !!! GOLD None
[09-27 14:55:31]      band138            t+  4s queued    NONE
[09-27 15:00:13]      band138            t+285s reviewed  NONE
[09-27 15:00:14]    FINAL band138  2fb2455e seal=NONE
[09-27 15:00:14]   rotating account after a spike
[09-27 15:00:27]   depth 24 -> 19
[09-27 15:00:27] SPIKE: depth=19, planting into the backlog
[09-27 15:00:34]    planted tiny     a146f565 (submitted after 2.3s into a depth-19 queue)
[09-27 15:00:44]    planted band138  f35b3e11 (submitted after 7.9s into a depth-19 queue)
[09-27 15:00:45]      tiny               t+  1s queued    NONE
[09-27 15:01:03]      tiny               t+ 18s reviewed  standard
[09-27 15:01:03]    FINAL tiny     a146f565 seal=standard
[09-27 15:01:03]      band138            t+  0s reviewed  NONE
[09-27 15:01:03]    FINAL band138  f35b3e11 seal=NONE
[09-27 15:01:03]   rotating account after a spike
[09-27 15:01:14]   depth 19 -> 0
[09-27 15:17:37]   depth 0 -> 7
[09-27 15:17:37] SPIKE: depth=7, planting into the backlog
[09-27 15:17:40]    planted tiny     39156402 (submitted after 1.6s into a depth-7 queue)
[09-27 15:17:47]    planted band138  a261f551 (submitted after 1.1s into a depth-7 queue)
[09-27 15:17:52]      tiny               t+  4s queued    NONE
[09-27 15:18:47]      tiny               t+ 59s reviewed  standard
[09-27 15:18:47]    FINAL tiny     39156402 seal=standard
[09-27 15:18:47]      band138            t+  0s queued    NONE
[09-27 15:19:05]      band138            t+ 18s reviewed  NONE
[09-27 15:19:05]    FINAL band138  a261f551 seal=NONE
[09-27 15:19:05]   rotating account after a spike
[09-27 15:19:16]   depth 7 -> 19
[09-27 15:19:16] SPIKE: depth=19, planting into the backlog
[09-27 15:19:18]    planted tiny     861c886f (submitted after 1.1s into a depth-19 queue)
[09-27 15:19:22]    planted band138  761ac21f (submitted after 3.0s into a depth-19 queue)
[09-27 15:19:23]      tiny               t+  1s queued    NONE
[09-27 15:20:04]      tiny               t+ 42s reviewing NONE
[09-27 15:20:10]      tiny               t+ 48s reviewed  standard
[09-27 15:20:10]    FINAL tiny     861c886f seal=standard
[09-27 15:20:11]      band138            t+  0s reviewed  NONE
[09-27 15:20:11]    FINAL band138  761ac21f seal=NONE
[09-27 15:20:11]   rotating account after a spike
[09-27 15:20:22]   depth 19 -> 0
[09-27 15:23:54]   depth 0 -> 1
[09-27 15:24:02]   depth 1 -> 0
[09-27 15:28:32]   depth 0 -> 1
[09-27 15:28:54]   depth 1 -> 2
[09-27 15:29:16]   depth 2 -> 3
[09-27 15:29:38]   depth 3 -> 5
[09-27 15:29:38] SPIKE: depth=5, planting into the backlog
[09-27 15:29:43]    planted tiny     b3860334 (submitted after 2.8s into a depth-5 queue)
[09-27 15:29:49]    planted band138  28eef50d (submitted after 2.8s into a depth-5 queue)
[09-27 15:29:52]      tiny               t+  2s queued    NONE
[09-27 15:31:47]      tiny               t+117s reviewing NONE
[09-27 15:32:02]      tiny               t+133s reviewing standard
[09-27 15:32:10]      tiny               t+141s reviewed  standard
[09-27 15:32:10]    FINAL tiny     b3860334 seal=standard
[09-27 15:32:13]      band138            t+  3s queued    NONE
[09-27 15:32:30]      band138            t+ 19s reviewing NONE
[09-27 15:32:53]      band138            t+ 43s reviewed  NONE
[09-27 15:32:53]    FINAL band138  28eef50d seal=NONE
[09-27 15:32:53]   rotating account after a spike
[09-27 15:33:12]   depth 5 -> 3
[09-27 15:33:45]   depth 3 -> 4
[09-27 15:33:55]   depth 4 -> 3
[09-27 15:34:06]   depth 3 -> 4
[09-27 15:34:17]   depth 4 -> 3
[09-27 15:34:28]   depth 3 -> 4
[09-27 15:34:39]   depth 4 -> 3
[09-27 15:35:15]   depth 3 -> 2
[09-27 15:35:26]   depth 2 -> 3
[09-27 15:35:44]   depth 3 -> 0
[09-27 15:46:00]   depth 0 -> 1
[09-27 15:46:09]   depth 1 -> 0
[09-27 15:47:01]   depth 0 -> 1
[09-27 15:47:10]   depth 1 -> 0
[09-27 15:47:28]   depth 0 -> 1
[09-27 15:47:38]   depth 1 -> 0
[09-27 15:55:00]   depth 0 -> 3
[09-27 15:55:08]   depth 3 -> 0
[09-27 16:10:22]   depth 0 -> 3
[09-27 16:10:31]   depth 3 -> 0
[09-27 16:17:21]   depth 0 -> 2
[09-27 16:17:32]   depth 2 -> 6
[09-27 16:17:32] SPIKE: depth=6, planting into the backlog
[09-27 16:17:36]    planted tiny     d9d79ef8 (submitted after 1.9s into a depth-6 queue)
[09-27 16:17:43]    planted band138  7ba3cd94 (submitted after 4.5s into a depth-6 queue)
[09-27 16:17:45]      tiny               t+  2s queued    NONE
[09-27 16:18:41]      tiny               t+ 58s reviewed  standard
[09-27 16:18:41]    FINAL tiny     d9d79ef8 seal=standard
[09-27 16:18:42]      band138            t+  0s reviewing NONE
[09-27 16:18:47]      band138            t+  6s reviewed  NONE
[09-27 16:18:47]    FINAL band138  7ba3cd94 seal=NONE
[09-27 16:18:47]   rotating account after a spike
[09-27 16:18:58]   depth 6 -> 0
[09-27 16:22:29]   depth 0 -> 1
[09-27 16:22:38]   depth 1 -> 0
[09-27 16:27:28]   depth 0 -> 1
[09-27 16:27:37]   depth 1 -> 0
[09-27 16:28:13]   depth 0 -> 1
[09-27 16:28:31]   depth 1 -> 4
[09-27 16:28:40]   depth 4 -> 6
[09-27 16:28:40] SPIKE: depth=6, planting into the backlog
[09-27 16:28:42]    planted tiny     94da7d53 (submitted after 0.8s into a depth-6 queue)
[09-27 16:28:48]    planted band138  034d0046 (submitted after 4.1s into a depth-6 queue)
[09-27 16:28:49]      tiny               t+  0s queued    NONE
[09-27 16:29:06]      tiny               t+ 18s reviewed  standard
[09-27 16:29:06]    FINAL tiny     94da7d53 seal=standard
[09-27 16:29:07]      band138            t+  1s reviewed  NONE
[09-27 16:29:07]    FINAL band138  034d0046 seal=NONE
[09-27 16:29:07]   rotating account after a spike
[09-27 16:29:18]   depth 6 -> 3
[09-27 16:29:27]   depth 3 -> 0
[09-27 16:29:36]   depth 0 -> 1
[09-27 16:29:54]   depth 1 -> 0
[09-27 16:30:03]   depth 0 -> 2
[09-27 16:30:21]   depth 2 -> 3
[09-27 16:30:30]   depth 3 -> 4
[09-27 16:30:39]   depth 4 -> 3
[09-27 16:30:48]   depth 3 -> 1
[09-27 16:30:57]   depth 1 -> 0
[09-27 16:31:06]   depth 0 -> 2
[09-27 16:31:15]   depth 2 -> 1
[09-27 16:31:33]   depth 1 -> 0
[09-27 16:32:27]   depth 0 -> 1
[09-27 16:32:36]   depth 1 -> 0
[09-27 16:33:02]   depth 0 -> 1
[09-27 16:33:11]   depth 1 -> 0
[09-27 16:38:29]   depth 0 -> 1
[09-27 16:38:38]   depth 1 -> 0
[09-27 16:40:32]   depth 0 -> 1
[09-27 16:40:41]   depth 1 -> 0
[09-27 16:45:31]   depth 0 -> 2
[09-27 16:45:49]   depth 2 -> 0
[09-27 16:48:36]   depth 0 -> 3
[09-27 16:48:44]   depth 3 -> 1
[09-27 16:48:53]   depth 1 -> 0
[09-27 16:49:20]   depth 0 -> 1
[09-27 16:49:28]   depth 1 -> 2
[09-27 16:49:37]   depth 2 -> 0
[09-27 16:50:13]   depth 0 -> 1
[09-27 16:50:30]   depth 1 -> 0
[09-27 16:50:39]   depth 0 -> 1
[09-27 16:50:48]   depth 1 -> 0
[09-27 16:57:05]   depth 0 -> 1
[09-27 16:57:14]   depth 1 -> 0
[09-27 16:57:58]   depth 0 -> 1
[09-27 16:58:16]   depth 1 -> 0
[09-27 16:59:35]   depth 0 -> 1
[09-27 16:59:44]   depth 1 -> 0
[09-27 17:05:56]   depth 0 -> 1
[09-27 17:06:13]   depth 1 -> 0
[09-27 17:06:22]   depth 0 -> 2
[09-27 17:06:31]   depth 2 -> 0
[09-27 17:06:57]   depth 0 -> 1
[09-27 17:07:06]   depth 1 -> 2
[09-27 17:07:15]   depth 2 -> 1
[09-27 17:07:24]   depth 1 -> 0
[09-27 17:15:02]   depth 0 -> 1
[09-27 17:15:11]   depth 1 -> 3
[09-27 17:15:30] done: 25 spike windows seen
