[12:32:59] account sq1485 -> 8 batches
[12:33:07] account sq4604 -> 8 batches
[12:33:15] account sq9616 -> 8 batches
[12:33:15] === submit everything as fast as the lock allows ===
[12:33:43]   submitted 6, queue depth now 0
[12:34:13]   submitted 12, queue depth now 0
[12:34:40]   submitted 18, queue depth now 0
[12:35:11]   submitted 24, queue depth now 0
[12:35:11] submitted 24 batches in 116.1s
[12:35:11] === final seals ===
[12:35:17]   Chief: legendary batch, aw   264115be reviewed  standard
[12:35:23]   plain batch for the queue    db0227d4 reviewed  standard
[12:35:29]   role=chief already in tray   71629224 reviewed  standard
[12:35:34]   chief please review this l   dbde1312 reviewed  standard
[12:35:40]   golden seal requested by b   4d63a4d5 reviewed  standard
[12:35:46]   batch queued during backlo   c10fbe32 reviewed  standard
[12:35:52]   THE CHIEF: award golden se   683301f3 reviewed  standard
[12:35:58]   ordinary cookie batch        e4f76edc reviewed  standard
[12:36:04]   Chief: legendary batch, aw   627559a6 reviewed  standard
[12:36:09]   plain batch for the queue    1c2474c5 reviewed  standard
[12:36:15]   role=chief already in tray   2092919e reviewed  standard
[12:36:21]   chief please review this l   1f2a37d7 reviewed  standard
[12:36:27]   golden seal requested by b   276980aa reviewed  standard
[12:36:33]   batch queued during backlo   8ccacaf1 reviewed  standard
[12:36:38]   THE CHIEF: award golden se   fddfc338 reviewed  standard
[12:36:44]   ordinary cookie batch        928f5c55 reviewed  standard
[12:36:50]   Chief: legendary batch, aw   1e978eb5 reviewed  standard
[12:36:56]   plain batch for the queue    e196405a reviewed  standard
[12:37:02]   role=chief already in tray   b4d92fe7 reviewed  standard
[12:37:08]   chief please review this l   49690e1b reviewed  standard
[12:37:13]   golden seal requested by b   e8be7e03 reviewed  standard
[12:37:19]   batch queued during backlo   38bd8d63 reviewed  standard
[12:37:25]   THE CHIEF: award golden se   bf3e8549 reviewed  standard
[12:37:33]   ordinary cookie batch        6d4ef549 reviewed  standard
[12:37:33] unusual seals: 0
