[09:35:58] === seeding ===
[09:36:12]   user th8177 holds 11 batches
[09:36:20]   user th8293 holds 5 batches
[09:36:20] === submitting, one at a time (the app serialises the worker) ===
[09:36:26]   moon-sugar           standard
[09:36:33]   moon-sugar-default   standard
[09:36:39]   atomic-hyphen        standard
[09:36:46]   both-exact           standard
[09:36:53]   both-underscore      standard
[09:36:59]   golden-hyphen        standard
[09:37:06]   chief-hyphen         standard
[09:37:12]   inspector-hyphen     standard
[09:37:19]   tagline-title        standard
[09:37:25]   sector7              standard
[09:37:32]   spaceage             standard
[09:37:38]   mixer-on             standard
[09:37:45]   legend-42            standard
[09:37:52]   kitchen-sink         standard
[09:37:58]   cookiecorp-name      standard
[09:38:05]   badge                standard
[09:38:05] === done: any golden seal above? ===
