[*] flag length: 35
   ···{·······························    pos= 4 (164 calls)
   ···{··1····························    pos= 7 (182 calls)
   ···{·l1····························    pos= 6 (195 calls)
   ··n{·l1····························    pos= 3 (206 calls)
   ··n{bl1····························    pos= 5 (218 calls)
   pos  8 unstable: 'n' / None
   ·un{bl1····························    pos= 2 (232 calls)
   sun{bl1····························    pos= 1 (235 calls)
   sun{bl1n···························    pos= 8 (255 calls)
   sun{bl1n·····l·····················    pos=14 (453 calls)
   sun{bl1nd····l·····················    pos= 9 (481 calls)
   sun{bl1nd···ql·····················    pos=13 (504 calls)
   sun{bl1nd·p·ql·····················    pos=11 (509 calls)
   sun{bl1nd·p·qli····················    pos=15 (511 calls)
   sun{bl1nd·psqli····················    pos=12 (513 calls)
   sun{bl1nd·psqli_···················    pos=16 (520 calls)
   sun{bl1nd_psqli_···················    pos=10 (521 calls)
   sun{bl1nd_psqli_·······4···········    pos=24 (699 calls)
   sun{bl1nd_psqli_····3··4···········    pos=21 (731 calls)
   sun{bl1nd_psqli_2···3··4···········    pos=17 (737 calls)
   sun{bl1nd_psqli_2··c3··4···········    pos=20 (741 calls)
   sun{bl1nd_psqli_2·rc3··4···········    pos=19 (745 calls)
   sun{bl1nd_psqli_2·rc3·p4···········    pos=23 (762 calls)
   sun{bl1nd_psqli_2_rc3·p4···········    pos=18 (766 calls)
   sun{bl1nd_psqli_2_rc3_p4···········    pos=22 (766 calls)
   sun{bl1nd_psqli_2_rc3_p4··0········    pos=27 (932 calls)
   sun{bl1nd_psqli_2_rc3_p4·d0········    pos=26 (998 calls)
   sun{bl1nd_psqli_2_rc3_p4·d0····8···    pos=32 (1004 calls)
   sun{bl1nd_psqli_2_rc3_p4·d0·y··8···    pos=29 (1024 calls)
   sun{bl1nd_psqli_2_rc3_p4·d0·y·t8···    pos=31 (1028 calls)
   sun{bl1nd_psqli_2_rc3_p4Nd0·y·t8···    pos=25 (1032 calls)
   sun{bl1nd_psqli_2_rc3_p4Nd0Fy·t8···    pos=28 (1040 calls)
   sun{bl1nd_psqli_2_rc3_p4Nd0FyZt8···    pos=30 (1042 calls)
   sun{bl1nd_psqli_2_rc3_p4Nd0FyZt8··}    pos=35 (1103 calls)
   sun{bl1nd_psqli_2_rc3_p4Nd0FyZt8·2}    pos=34 (1113 calls)
   sun{bl1nd_psqli_2_rc3_p4Nd0FyZt8k2}    pos=33 (1126 calls)
[+] sun{bl1nd_psqli_2_rc3_p4Nd0FyZt8k2}
[*] saved flag.txt
