[*] file #1: 35 characters
   l                                        pos= 6 'l' (209 calls)
   {l                                       pos= 4 '{' (214 calls)
   {ln                                      pos= 8 'n' (250 calls)
   n{ln                                     pos= 3 'n' (252 calls)
   n{bln                                    pos= 5 'b' (263 calls)
   un{bln                                   pos= 2 'u' (267 calls)
   un{bl1n                                  pos= 7 '1' (270 calls)
   sun{bl1n                                 pos= 1 's' (275 calls)
   sun{bl1nd                                pos= 9 'd'  <- unstable ('?'/'d') (281 calls)
   sun{bl1nd_                               pos=10 '_'  <- unstable ('?'/'_') (286 calls)
   sun{bl1nd_l                              pos=14 'l' (529 calls)
   sun{bl1nd_lr                             pos=19 'r' (548 calls)
   sun{bl1nd_lir                            pos=15 'i' (565 calls)
   sun{bl1nd_li2r                           pos=17 '2' (572 calls)
   sun{bl1nd_pli2r                          pos=11 'p' (583 calls)
   sun{bl1nd_psli2r                         pos=12 's' (584 calls)
   sun{bl1nd_psqli2r                        pos=13 'q' (590 calls)
   sun{bl1nd_psqli2_r                       pos=18 '_' (590 calls)
   sun{bl1nd_psqli2_rc                      pos=20 'c'  <- unstable ('c'/'?') (590 calls)
   sun{bl1nd_psqli_2_rc                     pos=16 '_' (591 calls)
   sun{bl1nd_psqli_2_rc0                    pos=27 '0' (792 calls)
   sun{bl1nd_psqli_2_rc40                   pos=24 '4' (832 calls)
   sun{bl1nd_psqli_2_rc4d0                  pos=26 'd' (846 calls)
   sun{bl1nd_psqli_2_rc34d0                 pos=21 '3' (866 calls)
   sun{bl1nd_psqli_2_rc34d0y                pos=29 'y' (866 calls)
   sun{bl1nd_psqli_2_rc3p4d0y               pos=23 'p' (872 calls)
   sun{bl1nd_psqli_2_rc3p4Nd0y              pos=25 'N' (872 calls)
   sun{bl1nd_psqli_2_rc3_p4Nd0y             pos=22 '_' (880 calls)
   sun{bl1nd_psqli_2_rc3_p4Nd0Fy            pos=28 'F' (881 calls)
   sun{bl1nd_psqli_2_rc3_p4Nd0FyZ           pos=30 'Z' (883 calls)
   sun{bl1nd_psqli_2_rc3_p4Nd0FyZ}          pos=35 '}' (997 calls)
   sun{bl1nd_psqli_2_rc3_p4Nd0FyZt}         pos=31 't' (1009 calls)
   sun{bl1nd_psqli_2_rc3_p4Nd0FyZt2}        pos=34 '2' (1009 calls)
   sun{bl1nd_psqli_2_rc3_p4Nd0FyZt82}       pos=32 '8' (1014 calls)
   sun{bl1nd_psqli_2_rc3_p4Nd0FyZt8k2}      pos=33 'k' (1016 calls)
[+] file#1 = sun{bl1nd_psqli_2_rc3_p4Nd0FyZt8k2}
[*] file #2: 35 characters
   {                                        pos= 4 '{' (1245 calls)
   {1                                       pos= 7 '1' (1251 calls)
   {1d                                      pos= 9 'd' (1285 calls)
   {l1d                                     pos= 6 'l' (1286 calls)
   {bl1d                                    pos= 5 'b' (1294 calls)
   u{bl1d                                   pos= 2 'u' (1295 calls)
   u{bl1nd                                  pos= 8 'n' (1298 calls)
   un{bl1nd                                 pos= 3 'n' (1300 calls)
   sun{bl1nd                                pos= 1 's' (1301 calls)
   sun{bl1nd_                               pos=10 '_' (1301 calls)
   sun{bl1nd_i                              pos=15 'i' (1557 calls)
   sun{bl1nd_pi                             pos=11 'p' (1571 calls)
   sun{bl1nd_pir                            pos=19 'r' (1577 calls)
   sun{bl1nd_plir                           pos=14 'l'  <- unstable ('l'/'?') (1598 calls)
   sun{bl1nd_pslir                          pos=12 's' (1605 calls)
   sun{bl1nd_psQlir                         pos=13 'Q'  <- unstable ('Q'/'q') (1606 calls)
   sun{bl1nd_psQli2r                        pos=17 '2'  <- unstable ('?'/'2') (1606 calls)
   sun{bl1nd_psQli2rc                       pos=20 'c'  <- unstable ('c'/'C') (1607 calls)
   sun{bl1nd_psQli_2rc                      pos=16 '_' (1610 calls)
   sun{bl1nd_psQli_2_rc                     pos=18 '_' (1610 calls)
   sun{bl1nd_psQli_2_rc0                    pos=27 '0' (1790 calls)
   sun{bl1nd_psQli_2_rc0y                   pos=29 'y' (1854 calls)
   sun{bl1nd_psQli_2_rc40y                  pos=24 '4' (1855 calls)
   sun{bl1nd_psQli_2_rc340y                 pos=21 '3' (1875 calls)
   sun{bl1nd_psQli_2_rc34d0y                pos=26 'd' (1880 calls)
   sun{bl1nd_psQli_2_rc34Nd0y               pos=25 'N'  <- unstable ('N'/'?') (1898 calls)
   sun{bl1nd_psQli_2_rc3p4Nd0y              pos=23 'p'  <- unstable ('p'/'P') (1898 calls)
   sun{bl1nd_psQli_2_rc3p4Nd0Fy             pos=28 'F' (1898 calls)
   sun{bl1nd_psQli_2_rc3_p4Nd0Fy            pos=22 '_' (1901 calls)
   sun{bl1nd_psQli_2_rc3_p4Nd0FyZ           pos=30 'Z' (1902 calls)
   sun{bl1nd_psQli_2_rc3_p4Nd0FyZ}          pos=35 '}' (2025 calls)
   sun{bl1nd_psQli_2_rc3_p4Nd0FyZ2}         pos=34 '2' (2033 calls)
   sun{bl1nd_psQli_2_rc3_p4Nd0FyZk2}        pos=33 'k' (2041 calls)
   sun{bl1nd_psQli_2_rc3_p4Nd0FyZ8k2}       pos=32 '8' (2041 calls)
   sun{bl1nd_psQli_2_rc3_p4Nd0FyZt8k2}      pos=31 't' (2041 calls)
[+] file#2 = sun{bl1nd_psQli_2_rc3_p4Nd0FyZt8k2}
[*] identical: False
[*] saved file#1 to flag.txt
