[0.00-4.68] Hello, user. Your one-time passcodes are as follows.
[4.68-6.00] CODE 1 ...
[6.00-7.04] Bait ...
[7.04-8.24] Gower ...
[8.24-9.56] OS ...
[9.56-10.64] Tacked ...
[10.64-11.64] Tip ...
[11.64-12.72] Dud ...
[12.72-14.16] CODE 2 ...
[14.16-15.28] Glyn ...
[15.28-16.44] Yall ...
[16.44-17.52] Pew ...
[17.52-18.64] Run ...
[18.64-19.72] Booey ...
[19.72-20.84] Body ...
[20.84-22.28] CODE 3 ...
[22.28-23.36] Grub ...
[23.36-24.56] Try ...
[24.56-25.68] Baby ...
[25.68-26.80] Muff ...
[26.80-27.92] Grim ...
[27.92-29.08] Acme ...
[29.08-30.52] CODE 4 ...
[30.52-31.68] Cub ...
[31.68-32.84] Cuts ...
[32.84-34.00] Gain ...
[34.00-35.20] Slum ...
[35.20-36.36] Must ...
[36.36-37.44] Elm ...
[37.44-38.92] CODE 5 ...
[38.92-40.12] Rust ...
[40.12-41.12] Herb ...
[41.12-42.24] Bail ...
[42.24-43.48] Save ...
[43.48-44.60] Iffy ...
[44.60-45.68] Do ...
[45.68-47.20] CODE 6 ...
[47.20-48.32] Rear ...
[48.32-49.48] Knoll ...
[49.48-50.60] Mart ...
[50.60-51.72] Tree ...
[51.72-52.80] Worm ...
[52.80-54.00] Wave ...
[54.00-55.48] CODE 7 ...
[55.48-56.64] Mist ...
[56.64-57.80] Log ...
[57.80-58.96] Host ...
[59.00-60.12] Sort ...
[60.12-61.20] Holt ...
[61.20-62.36] Acre ...
[62.36-63.64] Codate ...
[63.64-64.68] Inch ...
[64.68-65.76] Wirt ...
[65.76-66.80] Ike ...
[66.80-68.04] Lose ...
[68.04-69.20] Drab ...
[69.20-70.44] Sys ...
[70.44-73.36] Please save these to a secure location.
[73.36-74.76] Thank you.

### parsed 7 codes
Code 1: BAIT GOWER OS TACKED TIP DUD
Code 2: GLYN YALL PEW RUN BOOEY BODY
Code 3: GRUB TRY BABY MUFF GRIM ACME
Code 4: CUB CUTS GAIN SLUM MUST ELM
Code 5: RUST HERB BAIL SAVE IFFY DO
Code 6: REAR KNOLL MART TREE WORM WAVE
Code 7: MIST LOG HOST SORT HOLT ACRE
