  pos  1  vectors 1  303030
  pos  2  vectors 1  420420
  pos  3  vectors 2  000333 300330
  pos  4  vectors 1  420204
  pos  5  vectors 1  000000
  pos  6  vectors 2  033003 333000
  pos  7  vectors 1  420531
  pos  8  vectors 1  135024
  pos  9  vectors 1  303030
  pos 10  vectors 1  000000
  pos 11  vectors 1  420531
  pos 12  vectors 1  042042
  pos 13  vectors 1  302514
  pos 14  vectors 1  000000
  pos 15  vectors 1  302514
  pos 16  vectors 1  333000
  pos 17  vectors 1  240135
  pos 18  vectors 1  420420
  pos 19  vectors 1  000000
  pos 20  vectors 1  000000
  pos 21  vectors 2  000000 000333
  pos 22  vectors 1  000000
  pos 23  vectors 1  000000
  pos 24  vectors 2  000000 333000
  pos 25  vectors 1  000000
  pos 26  vectors 1  000000
  pos 27  vectors 1  000000
  pos 28  vectors 1  000000
  pos 29  vectors 1  000000
  pos 30  vectors 1  000000
  pos 31  vectors 2  000000 030303
  pos 32  vectors 2  000000 303030
[invariant] so hang chi mot vector kha dung: 26/32
