riffsize 45540 filesize 45548 datasize 45504 trailing 0
nsamples 15168 dur 0.158
min -2097152 max 2097152 peak 2097152
mean 0.0 rms 1444880.5194953808
peak/FS dB -12.041198791120454
unique low byte 224 unique mid 230 unique hi 65
nonzero samples 14128 of 15168
gcd of nonzero samples 1
--- envelope block 600 (6.2 ms)
    0       0-600     rms     898311.6  -19.4 dBFS  ########################
    1     600-1200    rms    1482910.1  -15.1 dBFS  #########################
    2    1200-1800    rms    1481242.1  -15.1 dBFS  #########################
    3    1800-2400    rms    1482910.2  -15.1 dBFS  #########################
    4    2400-3000    rms    1482910.2  -15.1 dBFS  #########################
    5    3000-3600    rms    1482910.2  -15.1 dBFS  #########################
    6    3600-4200    rms    1484576.4  -15.0 dBFS  #########################
    7    4200-4800    rms    1482910.1  -15.1 dBFS  #########################
    8    4800-5400    rms    1469639.0  -15.1 dBFS  #########################
    9    5400-6000    rms    1482910.2  -15.1 dBFS  #########################
   10    6000-6600    rms    1498877.1  -15.0 dBFS  #########################
   11    6600-7200    rms    1482910.2  -15.1 dBFS  #########################
   12    7200-7800    rms    1472181.8  -15.1 dBFS  #########################
   13    7800-8400    rms    1482910.2  -15.1 dBFS  #########################
   14    8400-9000    rms    1477537.2  -15.1 dBFS  #########################
   15    9000-9600    rms    1482910.2  -15.1 dBFS  #########################
   16    9600-10200   rms    1482910.2  -15.1 dBFS  #########################
   17   10200-10800   rms    1482910.2  -15.1 dBFS  #########################
   18   10800-11400   rms    1482910.2  -15.1 dBFS  #########################
   19   11400-12000   rms    1482910.2  -15.1 dBFS  #########################
   20   12000-12600   rms    1488263.8  -15.0 dBFS  #########################
   21   12600-13200   rms    1482910.2  -15.1 dBFS  #########################
   22   13200-13800   rms    1493561.6  -15.0 dBFS  #########################
   23   13800-14400   rms    1482910.2  -15.1 dBFS  #########################
   24   14400-15000   rms    1176279.1  -17.1 dBFS  #########################
  tail 168 samples
--- envelope block 1200 (12.5 ms)
    0       0-1200    rms    1225966.2  -16.7 dBFS  #########################
    1    1200-2400    rms    1482076.4  -15.1 dBFS  #########################
    2    2400-3600    rms    1482910.2  -15.1 dBFS  #########################
    3    3600-4800    rms    1483743.5  -15.0 dBFS  #########################
    4    4800-6000    rms    1476289.5  -15.1 dBFS  #########################
    5    6000-7200    rms    1490915.1  -15.0 dBFS  #########################
    6    7200-8400    rms    1477555.7  -15.1 dBFS  #########################
    7    8400-9600    rms    1480226.1  -15.1 dBFS  #########################
    8    9600-10800   rms    1482910.2  -15.1 dBFS  #########################
    9   10800-12000   rms    1482910.2  -15.1 dBFS  #########################
   10   12000-13200   rms    1485589.4  -15.0 dBFS  #########################
   11   13200-14400   rms    1488245.5  -15.0 dBFS  #########################
  tail 768 samples
first nonzero 384 last nonzero 14783
num silence gaps 272
   gap after 397 len 2
   gap after 427 len 2
   gap after 457 len 2
   gap after 487 len 2
   gap after 517 len 2
   gap after 547 len 2
   gap after 577 len 2
   gap after 607 len 2
   gap after 637 len 2
   gap after 667 len 2
   gap after 697 len 2
   gap after 727 len 2
   gap after 757 len 2
   gap after 787 len 2
   gap after 817 len 2
   gap after 847 len 2
   gap after 877 len 2
   gap after 907 len 2
   gap after 937 len 2
   gap after 967 len 2
   gap after 997 len 2
   gap after 1027 len 2
   gap after 1057 len 2
   gap after 1087 len 2
   gap after 1117 len 2
   gap after 1147 len 2
   gap after 1177 len 2
   gap after 1207 len 2
   gap after 1237 len 2
   gap after 1267 len 2
   gap after 1297 len 2
   gap after 1327 len 2
   gap after 1357 len 2
   gap after 1387 len 2
   gap after 1417 len 2
   gap after 1447 len 2
   gap after 1477 len 2
   gap after 1507 len 2
   gap after 1537 len 2
   gap after 1567 len 2
